// Jest Snapshot v1, https://goo.gl/fbAQLP

exports[`Should NOT render when label & children are missed 1`] = `<div />`;

exports[`renders correctly 1`] = `
<div>
  <button
    class="btn"
    type="button"
  >
    Submit
  </button>
</div>
`;
